2026/07/27 00:22:41 Connected to database successfully
2026/07/27 00:22:41 Worker 5 started
2026/07/27 00:22:41 Worker 7 started
2026/07/27 00:22:41 Worker 2 started
2026/07/27 00:22:41 Worker 8 started
2026/07/27 00:22:41 Worker 1 started
2026/07/27 00:22:41 Worker 3 started
2026/07/27 00:22:41 Worker 4 started
2026/07/27 00:22:41 Worker 6 started
2026/07/27 00:22:41 Worker 9 started
2026/07/27 00:22:41 Worker 0 started
2026/07/27 00:22:41 Health checker started...
2026/07/27 00:22:41 Server starting on :8080
2026/07/27 00:22:59 Dequeued submission #30, dispatching...
2026/07/27 00:22:59 Judge node http://localhost:25171 missing testcases for sub 30, syncing...
2026/07/27 00:23:01 Finished sub 30 with verdict WA
2026/07/27 00:23:10 Dequeued submission #31, dispatching...
2026/07/27 00:23:11 Finished sub 31 with verdict WA
2026/07/27 00:41:58 Dequeued submission #32, dispatching...
2026/07/27 00:41:58 Dequeued submission #33, dispatching...
2026/07/27 00:41:58 Dequeued submission #34, dispatching...
2026/07/27 00:41:58 Dequeued submission #35, dispatching...
2026/07/27 00:41:58 Dequeued submission #36, dispatching...
2026/07/27 00:41:58 No healthy judge nodes available for sub 34 (active jobs maxed out)
2026/07/27 00:41:58 No healthy judge nodes available for sub 36 (active jobs maxed out)
2026/07/27 00:41:58 No healthy judge nodes available for sub 35 (active jobs maxed out)
2026/07/27 00:41:59 Dequeued submission #35, dispatching...
2026/07/27 00:41:59 Dequeued submission #36, dispatching...
2026/07/27 00:41:59 Dequeued submission #34, dispatching...
2026/07/27 00:41:59 No healthy judge nodes available for sub 36 (active jobs maxed out)
2026/07/27 00:41:59 Dequeued submission #36, dispatching...
2026/07/27 00:41:59 No healthy judge nodes available for sub 36 (active jobs maxed out)
2026/07/27 00:42:00 Finished sub 32 with verdict WA
2026/07/27 00:42:00 Dequeued submission #36, dispatching...
2026/07/27 00:42:00 Finished sub 35 with verdict WA
2026/07/27 00:42:01 Finished sub 36 with verdict WA
2026/07/27 00:42:07 Finished sub 34 with verdict TLE
2026/07/27 00:42:52 Dequeued submission #37, dispatching...
2026/07/27 00:42:53 Finished sub 37 with verdict AC
